<html>
 <head>
  <title>My Title</title>
 </head>
 <body>
  <h1>My Title</h1>
 </body>
</html>
